[] ==================================================
[CASE] 测试用例: TC01: 数据集目录结构验证
[CHECK]   [OK] train/with_mask: 320 张
[CHECK]   [OK] train/without_mask: 320 张
[CHECK]   [OK] test/with_mask: 80 张
[CHECK]   [OK] test/without_mask: 80 张
[RESULT] 结果: PASS | 耗时: 0.00s
[] 
[] ==================================================
[CASE] 测试用例: TC02: 数据集规模验证
[INFO]   训练: 640 | 测试: 160 | 总计: 800
[CHECK]   [OK] 总数: 800 == 800
[CHECK]   [OK] 训练集: 640 == 640
[CHECK]   [OK] 测试集: 160 == 160
[RESULT] 结果: PASS | 耗时: 0.00s
[] 
[] ==================================================
[CASE] 测试用例: TC03: 类别平衡性验证
[INFO]   with_mask: 320 | without_mask: 320
[INFO]   差异: 0 张
[CHECK]   [OK] 类别平衡: 是
[RESULT] 结果: PASS | 耗时: 0.00s
[] 
[] ==================================================
[CASE] 测试用例: TC04: 图像格式与尺寸验证
[CHECK]   [OK] 抽样 10 张均正常
[RESULT] 结果: PASS | 耗时: 0.02s
[] 
[] ==================================================
[CASE] 测试用例: TC05: 模型结构验证
[INFO]   输入: (None, 224, 224, 3) | 输出: (None, 1)
[INFO]   参数量: 1,848,001
[CHECK]   [OK] 输入应为 (None, 224, 224, 3), 实际 (None, 224, 224, 3)
[CHECK]   [OK] 输出应为 (None, 1), 实际 (None, 1)
[CHECK]   [OK] 参数量应 < 3M (简化Flatten方案), 实际 1,848,001
[RESULT] 结果: PASS | 耗时: 2.34s
[] 
[] ==================================================
[CASE] 测试用例: TC06: 推理功能 — 戴口罩样本
[INFO]   图片: with_mask_0000.jpg
[INFO]   预测: 戴口罩 | 置信度: 1.0000
[CHECK]   [OK] 期望'戴口罩', 实际'戴口罩'
[RESULT] 结果: PASS | 耗时: 0.21s
[] 
[] ==================================================
[CASE] 测试用例: TC07: 推理功能 — 不戴口罩样本
[INFO]   图片: without_mask_0000.jpg
[INFO]   预测: 未戴口罩 | 置信度: 1.0000
[CHECK]   [OK] 期望'未戴口罩', 实际'未戴口罩'
[RESULT] 结果: PASS | 耗时: 0.19s
[] 
[] ==================================================
[CASE] 测试用例: TC08: 边界测试 — 文件不存在
[CHECK]   [OK] 正确抛出 FileNotFoundError
[RESULT] 结果: PASS | 耗时: 0.00s
[] 
[] ==================================================
[CASE] 测试用例: TC09: 边界测试 — 损坏图片容错
[CHECK]   [OK] 正确捕获异常: ValueError
[RESULT] 结果: PASS | 耗时: 0.02s
[] 
[] ==================================================
[CASE] 测试用例: TC10: 边界测试 — predict 命令行参数检查
[CHECK]   [OK] 退出码: 1
[RESULT] 结果: PASS | 耗时: 0.00s
[] 
[] ==================================================
[CASE] 测试用例: TC11: 批量预测功能验证
[SKIP]   [WARN] 无测试图片
[RESULT] 结果: PASS | 耗时: 0.08s
[] 
[] ==================================================
[CASE] 测试用例: TC12: 性能 — 单张推理时间
[INFO]   测试次数: 10 | 平均: 0.0710s | 标准差: 0.0222s
[CHECK]   [OK] <1s
[RESULT] 结果: PASS | 耗时: 0.80s
[] 
[] ==================================================
[CASE] 测试用例: TC13: 性能 — 训练收敛性验证
[INFO]   8轮后最佳 val_accuracy: 0.5375
[INFO]   train_loss: 1.4735 -> 0.0048
[CHECK]   [OK] 收敛性: 达标
[RESULT] 结果: PASS | 耗时: 81.39s
[] 
[] ==================================================
[CASE] 测试用例: TC14: 系统环境信息
[INFO]   Python: 3.11.9
[INFO]   TensorFlow: 2.21.0
[INFO]   NumPy: 2.4.4
[INFO]   PIL: 12.2.0
[INFO]   工作目录: C:\Users\A2260\Desktop\图像识别\mask-detection
[INFO]   GPU 可用: False
[RESULT] 结果: PASS | 耗时: 0.00s
[] 

总测试用例: 14
通过(PASS): 14
失败(FAIL): 0
错误(ERROR): 0
跳过(SKIP): 0
通过率: 100.0%

【优化建议】
1. 若 TC05-TC07 失败: 请确认已运行 train.py 完成模型训练
2. 若 TC12 耗时 > 1s: 检查是否有 GPU 加速或后台任务占用 CPU
3. 若 TC13 收敛性未达标: 重新生成数据集后重试
4. 若 TC03 类别不平衡: 检查 prepare_dataset.py 中的 SEED=42
5. 测试岗重点关注: 边界测试 TC08-TC10 确保系统鲁棒性
